[2025-11-30 17:07:42] [DEBUG] Router.php:104 | CartController initialized | Context: {"session_status":2,"session_id":"qf70renck5h9q8aoc9pvo066s4"}
[2025-12-01 00:13:28] [DEBUG] Router.php:104 | CartController initialized | Context: {"session_status":2,"session_id":"vgeui61a3h3avnp9f33p75geh9"}
[2025-12-01 00:20:44] [DEBUG] Router.php:104 | CartController initialized | Context: {"session_status":2,"session_id":"vgeui61a3h3avnp9f33p75geh9"}
[2025-12-01 00:20:54] [DEBUG] Router.php:104 | CartController initialized | Context: {"session_status":2,"session_id":"vgeui61a3h3avnp9f33p75geh9"}
[2025-12-01 00:21:03] [DEBUG] Router.php:104 | CartController initialized | Context: {"session_status":2,"session_id":"vgeui61a3h3avnp9f33p75geh9"}
[2025-12-01 00:21:15] [DEBUG] Router.php:104 | CartController initialized | Context: {"session_status":2,"session_id":"vgeui61a3h3avnp9f33p75geh9"}
[2025-12-01 00:21:55] [DEBUG] Router.php:104 | CartController initialized | Context: {"session_status":2,"session_id":"vgeui61a3h3avnp9f33p75geh9"}
[2025-12-01 00:22:20] [DEBUG] Router.php:104 | CartController initialized | Context: {"session_status":2,"session_id":"vgeui61a3h3avnp9f33p75geh9"}
[2025-12-01 00:24:41] [DEBUG] Router.php:104 | CartController initialized | Context: {"session_status":2,"session_id":"vgeui61a3h3avnp9f33p75geh9"}
[2025-12-01 00:24:46] [DEBUG] Router.php:104 | CartController initialized | Context: {"session_status":2,"session_id":"vgeui61a3h3avnp9f33p75geh9"}
[2025-12-01 00:24:48] [DEBUG] Router.php:104 | CartController initialized | Context: {"session_status":2,"session_id":"vgeui61a3h3avnp9f33p75geh9"}
[2025-12-01 00:24:55] [DEBUG] Router.php:104 | CartController initialized | Context: {"session_status":2,"session_id":"vgeui61a3h3avnp9f33p75geh9"}
[2025-12-01 00:28:08] [DEBUG] Router.php:104 | CartController initialized | Context: {"session_status":2,"session_id":"vgeui61a3h3avnp9f33p75geh9"}
[2025-12-01 00:32:51] [DEBUG] Router.php:104 | CartController initialized | Context: {"session_status":2,"session_id":"vgeui61a3h3avnp9f33p75geh9"}
[2025-12-01 00:34:25] [DEBUG] Router.php:104 | CartController initialized | Context: {"session_status":2,"session_id":"vgeui61a3h3avnp9f33p75geh9"}
[2025-12-01 00:34:29] [DEBUG] Router.php:104 | CartController initialized | Context: {"session_status":2,"session_id":"vgeui61a3h3avnp9f33p75geh9"}
[2025-12-01 00:34:36] [DEBUG] Router.php:104 | CartController initialized | Context: {"session_status":2,"session_id":"vgeui61a3h3avnp9f33p75geh9"}
[2025-12-01 00:34:37] [DEBUG] Router.php:104 | CartController initialized | Context: {"session_status":2,"session_id":"vgeui61a3h3avnp9f33p75geh9"}
[2025-12-01 00:34:45] [DEBUG] Router.php:104 | CartController initialized | Context: {"session_status":2,"session_id":"vgeui61a3h3avnp9f33p75geh9"}
[2025-12-01 00:34:47] [DEBUG] Router.php:104 | CartController initialized | Context: {"session_status":2,"session_id":"vgeui61a3h3avnp9f33p75geh9"}
[2025-12-01 00:34:47] [DEBUG] unknown:0 | CartController::add() called | Context: {"POST_data":{"id":"3","qty":"1"},"SERVER_data":{"HTTP_X_REQUESTED_WITH":"XMLHttpRequest","REQUEST_METHOD":"POST","CONTENT_TYPE":"multipart/form-data; boundary=----WebKitFormBoundarycJGvLTKK9t9GkNTY"}}
[2025-12-01 00:34:47] [DEBUG] unknown:0 | Processing add to cart | Context: {"book_id":"3","quantity":1}
[2025-12-01 00:34:47] [DEBUG] unknown:0 | Database connection successful
[2025-12-01 00:34:47] [DEBUG] unknown:0 | Database query result | Context: {"book_id":"3","book_found":true,"book_data":{"id":3,"ten_sach":"Nhà Giả Kim","tac_gia":"Paulo Coelho","gia_goc":"95000.00","gia_khuyen_mai":"76000.00","phan_tram_giam":20,"so_luong":100,"mo_ta":"Câu chuyện về hành trình đi tìm kho báu của chàng chăn cừu Santiago, chứa đựng những bài học sâu sắc về cuộc sống và ước mơ.","anh_bia":"nha gia kim.jpg","id_danh_muc":2,"ngay_tao":"2025-11-19 23:28:53","ngay_cap_nhat":"2025-11-19 23:28:53"}}
[2025-12-01 00:34:47] [DEBUG] unknown:0 | Book added to cart | Context: {"book_id":"3","book_title":"Nhà Giả Kim","book_author":"Paulo Coelho","quantity":1,"cart_total":1}
[2025-12-01 00:34:47] [DEBUG] unknown:0 | Sending JSON response | Context: {"response":{"success":true,"message":"Đã thêm sản phẩm vào giỏ hàng thành công!","cartCount":1,"subtotal":76000,"finalTotal":76000,"discount":0,"lineTotal":76000},"cart_count":1}
[2025-12-01 00:34:48] [DEBUG] Router.php:104 | CartController initialized | Context: {"session_status":2,"session_id":"vgeui61a3h3avnp9f33p75geh9"}
[2025-12-01 00:34:50] [DEBUG] Router.php:104 | CartController initialized | Context: {"session_status":2,"session_id":"vgeui61a3h3avnp9f33p75geh9"}
[2025-12-01 00:35:05] [DEBUG] Router.php:104 | CartController initialized | Context: {"session_status":2,"session_id":"vgeui61a3h3avnp9f33p75geh9"}
[2025-12-01 00:35:45] [DEBUG] Router.php:104 | CartController initialized | Context: {"session_status":2,"session_id":"vgeui61a3h3avnp9f33p75geh9"}
[2025-12-01 00:38:13] [DEBUG] Router.php:104 | CartController initialized | Context: {"session_status":2,"session_id":"vgeui61a3h3avnp9f33p75geh9"}
[2025-12-01 00:38:25] [DEBUG] Router.php:104 | CartController initialized | Context: {"session_status":2,"session_id":"vgeui61a3h3avnp9f33p75geh9"}
[2025-12-01 00:39:04] [DEBUG] Router.php:104 | CartController initialized | Context: {"session_status":2,"session_id":"vgeui61a3h3avnp9f33p75geh9"}
[2025-12-01 00:40:16] [DEBUG] Router.php:104 | CartController initialized | Context: {"session_status":2,"session_id":"vgeui61a3h3avnp9f33p75geh9"}
[2025-12-01 00:40:58] [DEBUG] Router.php:104 | CartController initialized | Context: {"session_status":2,"session_id":"vgeui61a3h3avnp9f33p75geh9"}
[2025-12-01 00:43:28] [DEBUG] Router.php:104 | CartController initialized | Context: {"session_status":2,"session_id":"vgeui61a3h3avnp9f33p75geh9"}
[2025-12-01 00:43:30] [DEBUG] Router.php:104 | CartController initialized | Context: {"session_status":2,"session_id":"vgeui61a3h3avnp9f33p75geh9"}
[2025-12-01 00:43:33] [DEBUG] Router.php:104 | CartController initialized | Context: {"session_status":2,"session_id":"vgeui61a3h3avnp9f33p75geh9"}
[2025-12-01 00:43:36] [DEBUG] Router.php:104 | CartController initialized | Context: {"session_status":2,"session_id":"vgeui61a3h3avnp9f33p75geh9"}
[2025-12-01 00:43:37] [DEBUG] Router.php:104 | CartController initialized | Context: {"session_status":2,"session_id":"vgeui61a3h3avnp9f33p75geh9"}
[2025-12-01 00:43:39] [DEBUG] Router.php:104 | CartController initialized | Context: {"session_status":2,"session_id":"vgeui61a3h3avnp9f33p75geh9"}
[2025-12-01 00:43:40] [DEBUG] Router.php:104 | CartController initialized | Context: {"session_status":2,"session_id":"vgeui61a3h3avnp9f33p75geh9"}
[2025-12-01 00:43:40] [DEBUG] Router.php:104 | CartController initialized | Context: {"session_status":2,"session_id":"vgeui61a3h3avnp9f33p75geh9"}
[2025-12-01 00:43:42] [DEBUG] Router.php:104 | CartController initialized | Context: {"session_status":2,"session_id":"vgeui61a3h3avnp9f33p75geh9"}
[2025-12-01 00:43:43] [DEBUG] Router.php:104 | CartController initialized | Context: {"session_status":2,"session_id":"vgeui61a3h3avnp9f33p75geh9"}
[2025-12-01 00:43:46] [DEBUG] Router.php:104 | CartController initialized | Context: {"session_status":2,"session_id":"vgeui61a3h3avnp9f33p75geh9"}
[2025-12-01 00:43:51] [DEBUG] Router.php:104 | CartController initialized | Context: {"session_status":2,"session_id":"vgeui61a3h3avnp9f33p75geh9"}
[2025-12-01 00:43:51] [DEBUG] Router.php:104 | CartController initialized | Context: {"session_status":2,"session_id":"vgeui61a3h3avnp9f33p75geh9"}
[2025-12-01 00:43:53] [DEBUG] Router.php:104 | CartController initialized | Context: {"session_status":2,"session_id":"vgeui61a3h3avnp9f33p75geh9"}
[2025-12-01 00:43:55] [DEBUG] Router.php:104 | CartController initialized | Context: {"session_status":2,"session_id":"vgeui61a3h3avnp9f33p75geh9"}
[2025-12-01 00:43:55] [DEBUG] unknown:0 | CartController::add() called | Context: {"POST_data":{"id":"12","qty":"1"},"SERVER_data":{"HTTP_X_REQUESTED_WITH":"XMLHttpRequest","REQUEST_METHOD":"POST","CONTENT_TYPE":"multipart/form-data; boundary=----WebKitFormBoundaryiMJocZThCJ9zVYhQ"}}
[2025-12-01 00:43:55] [DEBUG] unknown:0 | Processing add to cart | Context: {"book_id":"12","quantity":1}
[2025-12-01 00:43:55] [DEBUG] unknown:0 | Database connection successful
[2025-12-01 00:43:55] [DEBUG] unknown:0 | Database query result | Context: {"book_id":"12","book_found":true,"book_data":{"id":12,"ten_sach":"a","tac_gia":"a","gia_goc":"10000.00","gia_khuyen_mai":null,"phan_tram_giam":0,"so_luong":0,"mo_ta":"","anh_bia":"book_691e61e25707d7.09131624.jpg","id_danh_muc":null,"ngay_tao":"2025-11-20 07:33:38","ngay_cap_nhat":"2025-11-20 07:33:38"}}
[2025-12-01 00:43:55] [DEBUG] unknown:0 | Book added to cart | Context: {"book_id":"12","book_title":"a","book_author":"a","quantity":1,"cart_total":1}
[2025-12-01 00:43:55] [DEBUG] unknown:0 | Sending JSON response | Context: {"response":{"success":true,"message":"Đã thêm sản phẩm vào giỏ hàng thành công!","cartCount":1,"subtotal":10000,"finalTotal":10000,"discount":0,"lineTotal":10000},"cart_count":1}
[2025-12-01 00:43:56] [DEBUG] Router.php:104 | CartController initialized | Context: {"session_status":2,"session_id":"vgeui61a3h3avnp9f33p75geh9"}
[2025-12-01 00:45:36] [DEBUG] Router.php:104 | CartController initialized | Context: {"session_status":2,"session_id":"vgeui61a3h3avnp9f33p75geh9"}
[2025-12-01 00:45:37] [DEBUG] Router.php:104 | CartController initialized | Context: {"session_status":2,"session_id":"vgeui61a3h3avnp9f33p75geh9"}
[2025-12-01 00:45:37] [DEBUG] unknown:0 | CartController::add() called | Context: {"POST_data":{"id":"12","qty":"1"},"SERVER_data":{"HTTP_X_REQUESTED_WITH":"XMLHttpRequest","REQUEST_METHOD":"POST","CONTENT_TYPE":"multipart/form-data; boundary=----WebKitFormBoundary2z6Ik2iRMckfzXNn"}}
[2025-12-01 00:45:37] [DEBUG] unknown:0 | Processing add to cart | Context: {"book_id":"12","quantity":1}
[2025-12-01 00:45:37] [DEBUG] unknown:0 | Database connection successful
[2025-12-01 00:45:37] [DEBUG] unknown:0 | Database query result | Context: {"book_id":"12","book_found":true,"book_data":{"id":12,"ten_sach":"a","tac_gia":"a","gia_goc":"10000.00","gia_khuyen_mai":null,"phan_tram_giam":0,"so_luong":0,"mo_ta":"","anh_bia":"book_691e61e25707d7.09131624.jpg","id_danh_muc":null,"ngay_tao":"2025-11-20 07:33:38","ngay_cap_nhat":"2025-11-20 07:33:38"}}
[2025-12-01 00:45:37] [DEBUG] unknown:0 | Book added to cart | Context: {"book_id":"12","book_title":"a","book_author":"a","quantity":1,"cart_total":1}
[2025-12-01 00:45:37] [DEBUG] unknown:0 | Sending JSON response | Context: {"response":{"success":true,"message":"Đã thêm sản phẩm vào giỏ hàng thành công!","cartCount":2,"subtotal":20000,"finalTotal":20000,"discount":0,"lineTotal":20000},"cart_count":2}
[2025-12-01 00:45:38] [DEBUG] Router.php:104 | CartController initialized | Context: {"session_status":2,"session_id":"vgeui61a3h3avnp9f33p75geh9"}
[2025-12-01 00:46:45] [DEBUG] Router.php:104 | CartController initialized | Context: {"session_status":2,"session_id":"vgeui61a3h3avnp9f33p75geh9"}
[2025-12-01 00:47:47] [DEBUG] Router.php:104 | CartController initialized | Context: {"session_status":2,"session_id":"vgeui61a3h3avnp9f33p75geh9"}
[2025-12-01 00:48:36] [DEBUG] Router.php:104 | CartController initialized | Context: {"session_status":2,"session_id":"vgeui61a3h3avnp9f33p75geh9"}
[2025-12-01 00:48:38] [DEBUG] Router.php:104 | CartController initialized | Context: {"session_status":2,"session_id":"vgeui61a3h3avnp9f33p75geh9"}
[2025-12-01 00:48:53] [DEBUG] Router.php:104 | CartController initialized | Context: {"session_status":2,"session_id":"vgeui61a3h3avnp9f33p75geh9"}
[2025-12-01 00:49:00] [DEBUG] Router.php:104 | CartController initialized | Context: {"session_status":2,"session_id":"vgeui61a3h3avnp9f33p75geh9"}
[2025-12-01 00:49:03] [DEBUG] Router.php:104 | CartController initialized | Context: {"session_status":2,"session_id":"vgeui61a3h3avnp9f33p75geh9"}
[2025-12-01 00:49:03] [DEBUG] unknown:0 | CartController::add() called | Context: {"POST_data":{"id":"10","qty":"1"},"SERVER_data":{"HTTP_X_REQUESTED_WITH":"XMLHttpRequest","REQUEST_METHOD":"POST","CONTENT_TYPE":"multipart/form-data; boundary=----WebKitFormBoundaryUCkT9KS9w4nabj0P"}}
[2025-12-01 00:49:03] [DEBUG] unknown:0 | Processing add to cart | Context: {"book_id":"10","quantity":1}
[2025-12-01 00:49:03] [DEBUG] unknown:0 | Database connection successful
[2025-12-01 00:49:03] [DEBUG] unknown:0 | Database query result | Context: {"book_id":"10","book_found":true,"book_data":{"id":10,"ten_sach":"Lược Sử Loài Người","tac_gia":"Yuval Noah Harari","gia_goc":"220000.00","gia_khuyen_mai":"176000.00","phan_tram_giam":20,"so_luong":35,"mo_ta":"Một cái nhìn toàn cảnh về lịch sử phát triển của loài người từ thời nguyên thủy đến hiện đại.","anh_bia":"luocsuloainguoi.jpg","id_danh_muc":5,"ngay_tao":"2025-11-19 23:28:53","ngay_cap_nhat":"2025-11-19 23:28:53"}}
[2025-12-01 00:49:03] [DEBUG] unknown:0 | Book added to cart | Context: {"book_id":"10","book_title":"Lược Sử Loài Người","book_author":"Yuval Noah Harari","quantity":1,"cart_total":2}
[2025-12-01 00:49:03] [DEBUG] unknown:0 | Sending JSON response | Context: {"response":{"success":true,"message":"Đã thêm sản phẩm vào giỏ hàng thành công!","cartCount":3,"subtotal":196000,"finalTotal":196000,"discount":0,"lineTotal":176000},"cart_count":3}
[2025-12-01 00:49:04] [DEBUG] Router.php:104 | CartController initialized | Context: {"session_status":2,"session_id":"vgeui61a3h3avnp9f33p75geh9"}
[2025-12-01 00:49:05] [DEBUG] Router.php:104 | CartController initialized | Context: {"session_status":2,"session_id":"vgeui61a3h3avnp9f33p75geh9"}
[2025-12-01 00:49:15] [DEBUG] Router.php:104 | CartController initialized | Context: {"session_status":2,"session_id":"vgeui61a3h3avnp9f33p75geh9"}
[2025-12-01 00:49:20] [DEBUG] Router.php:104 | CartController initialized | Context: {"session_status":2,"session_id":"vgeui61a3h3avnp9f33p75geh9"}
[2025-12-01 00:49:22] [DEBUG] Router.php:104 | CartController initialized | Context: {"session_status":2,"session_id":"vgeui61a3h3avnp9f33p75geh9"}
[2025-12-01 00:49:24] [DEBUG] Router.php:104 | CartController initialized | Context: {"session_status":2,"session_id":"vgeui61a3h3avnp9f33p75geh9"}
[2025-12-01 00:50:13] [DEBUG] Router.php:104 | CartController initialized | Context: {"session_status":2,"session_id":"vgeui61a3h3avnp9f33p75geh9"}
[2025-12-01 00:50:44] [DEBUG] Router.php:104 | CartController initialized | Context: {"session_status":2,"session_id":"vgeui61a3h3avnp9f33p75geh9"}
[2025-12-01 00:50:58] [DEBUG] Router.php:104 | CartController initialized | Context: {"session_status":2,"session_id":"vgeui61a3h3avnp9f33p75geh9"}
[2025-12-01 00:51:12] [DEBUG] Router.php:104 | CartController initialized | Context: {"session_status":2,"session_id":"lpup50phpljc5rssr9ank9707s"}
[2025-12-01 00:51:23] [DEBUG] Router.php:104 | CartController initialized | Context: {"session_status":2,"session_id":"lpup50phpljc5rssr9ank9707s"}
[2025-12-01 00:51:26] [DEBUG] Router.php:104 | CartController initialized | Context: {"session_status":2,"session_id":"lpup50phpljc5rssr9ank9707s"}
[2025-12-01 00:51:26] [DEBUG] unknown:0 | CartController::add() called | Context: {"POST_data":{"id":"12","qty":"1"},"SERVER_data":{"HTTP_X_REQUESTED_WITH":"XMLHttpRequest","REQUEST_METHOD":"POST","CONTENT_TYPE":"multipart/form-data; boundary=----WebKitFormBoundaryrqc3J8AfRyqjakVe"}}
[2025-12-01 00:51:26] [DEBUG] unknown:0 | Processing add to cart | Context: {"book_id":"12","quantity":1}
[2025-12-01 00:51:26] [DEBUG] unknown:0 | Database connection successful
[2025-12-01 00:51:26] [DEBUG] unknown:0 | Database query result | Context: {"book_id":"12","book_found":true,"book_data":{"id":12,"ten_sach":"a","tac_gia":"a","gia_goc":"10000.00","gia_khuyen_mai":null,"phan_tram_giam":0,"so_luong":0,"mo_ta":"","anh_bia":"book_691e61e25707d7.09131624.jpg","id_danh_muc":null,"ngay_tao":"2025-11-20 07:33:38","ngay_cap_nhat":"2025-11-20 07:33:38"}}
[2025-12-01 00:51:26] [DEBUG] unknown:0 | Book added to cart | Context: {"book_id":"12","book_title":"a","book_author":"a","quantity":1,"cart_total":1}
[2025-12-01 00:51:26] [DEBUG] unknown:0 | Sending JSON response | Context: {"response":{"success":true,"message":"Đã thêm sản phẩm vào giỏ hàng thành công!","cartCount":1,"subtotal":10000,"finalTotal":10000,"discount":0,"lineTotal":10000},"cart_count":1}
[2025-12-01 00:51:26] [DEBUG] Router.php:104 | CartController initialized | Context: {"session_status":2,"session_id":"lpup50phpljc5rssr9ank9707s"}
[2025-12-01 00:51:26] [DEBUG] unknown:0 | CartController::add() called | Context: {"POST_data":{"id":"10","qty":"1"},"SERVER_data":{"HTTP_X_REQUESTED_WITH":"XMLHttpRequest","REQUEST_METHOD":"POST","CONTENT_TYPE":"multipart/form-data; boundary=----WebKitFormBoundarywU4CyB3OtaylUL0q"}}
[2025-12-01 00:51:26] [DEBUG] unknown:0 | Processing add to cart | Context: {"book_id":"10","quantity":1}
[2025-12-01 00:51:26] [DEBUG] unknown:0 | Database connection successful
[2025-12-01 00:51:26] [DEBUG] unknown:0 | Database query result | Context: {"book_id":"10","book_found":true,"book_data":{"id":10,"ten_sach":"Lược Sử Loài Người","tac_gia":"Yuval Noah Harari","gia_goc":"220000.00","gia_khuyen_mai":"176000.00","phan_tram_giam":20,"so_luong":35,"mo_ta":"Một cái nhìn toàn cảnh về lịch sử phát triển của loài người từ thời nguyên thủy đến hiện đại.","anh_bia":"luocsuloainguoi.jpg","id_danh_muc":5,"ngay_tao":"2025-11-19 23:28:53","ngay_cap_nhat":"2025-11-19 23:28:53"}}
[2025-12-01 00:51:26] [DEBUG] unknown:0 | Book added to cart | Context: {"book_id":"10","book_title":"Lược Sử Loài Người","book_author":"Yuval Noah Harari","quantity":1,"cart_total":2}
[2025-12-01 00:51:26] [DEBUG] unknown:0 | Sending JSON response | Context: {"response":{"success":true,"message":"Đã thêm sản phẩm vào giỏ hàng thành công!","cartCount":2,"subtotal":186000,"finalTotal":186000,"discount":0,"lineTotal":176000},"cart_count":2}
[2025-12-01 00:51:27] [DEBUG] Router.php:104 | CartController initialized | Context: {"session_status":2,"session_id":"lpup50phpljc5rssr9ank9707s"}
[2025-12-01 00:51:27] [DEBUG] unknown:0 | CartController::add() called | Context: {"POST_data":{"id":"9","qty":"1"},"SERVER_data":{"HTTP_X_REQUESTED_WITH":"XMLHttpRequest","REQUEST_METHOD":"POST","CONTENT_TYPE":"multipart/form-data; boundary=----WebKitFormBoundaryi7cp9tMpj64EsR4F"}}
[2025-12-01 00:51:27] [DEBUG] unknown:0 | Processing add to cart | Context: {"book_id":"9","quantity":1}
[2025-12-01 00:51:27] [DEBUG] unknown:0 | Database connection successful
[2025-12-01 00:51:27] [DEBUG] unknown:0 | Database query result | Context: {"book_id":"9","book_found":true,"book_data":{"id":9,"ten_sach":"Muôn Kiếp Nhân Sinh","tac_gia":"Nguyễn Nhật Ánh","gia_goc":"145000.00","gia_khuyen_mai":"116000.00","phan_tram_giam":20,"so_luong":55,"mo_ta":"Cuốn sách về luật nhân quả, luân hồi qua những câu chuyện ngắn gọn nhưng sâu sắc, giúp người đọc hiểu hơn về cuộc sống.","anh_bia":"muonkiepnhansinh.jpg","id_danh_muc":4,"ngay_tao":"2025-11-19 23:28:53","ngay_cap_nhat":"2025-11-19 23:28:53"}}
[2025-12-01 00:51:27] [DEBUG] unknown:0 | Book added to cart | Context: {"book_id":"9","book_title":"Muôn Kiếp Nhân Sinh","book_author":"Nguyễn Nhật Ánh","quantity":1,"cart_total":3}
[2025-12-01 00:51:27] [DEBUG] unknown:0 | Sending JSON response | Context: {"response":{"success":true,"message":"Đã thêm sản phẩm vào giỏ hàng thành công!","cartCount":3,"subtotal":302000,"finalTotal":302000,"discount":0,"lineTotal":116000},"cart_count":3}
[2025-12-01 00:51:27] [DEBUG] Router.php:104 | CartController initialized | Context: {"session_status":2,"session_id":"lpup50phpljc5rssr9ank9707s"}
[2025-12-01 00:51:27] [DEBUG] unknown:0 | CartController::add() called | Context: {"POST_data":{"id":"8","qty":"1"},"SERVER_data":{"HTTP_X_REQUESTED_WITH":"XMLHttpRequest","REQUEST_METHOD":"POST","CONTENT_TYPE":"multipart/form-data; boundary=----WebKitFormBoundarys93XDUEV1gc3ArAk"}}
[2025-12-01 00:51:27] [DEBUG] unknown:0 | Processing add to cart | Context: {"book_id":"8","quantity":1}
[2025-12-01 00:51:27] [DEBUG] unknown:0 | Database connection successful
[2025-12-01 00:51:27] [DEBUG] unknown:0 | Database query result | Context: {"book_id":"8","book_found":true,"book_data":{"id":8,"ten_sach":"Cho Tôi Xin Một Vé Đi Tuổi Thơ","tac_gia":"Nguyễn Nhật Ánh","gia_goc":"90000.00","gia_khuyen_mai":"72000.00","phan_tram_giam":20,"so_luong":70,"mo_ta":"Tuyển tập truyện ngắn hay nhất của Nguyễn Nhật Ánh, gợi nhớ về những tháng năm tuổi thơ trong sáng và ngọt ngào.","anh_bia":"chotoixinmotvedivetuoitho.jpg","id_danh_muc":6,"ngay_tao":"2025-11-19 23:28:53","ngay_cap_nhat":"2025-11-19 23:28:53"}}
[2025-12-01 00:51:27] [DEBUG] unknown:0 | Book added to cart | Context: {"book_id":"8","book_title":"Cho Tôi Xin Một Vé Đi Tuổi Thơ","book_author":"Nguyễn Nhật Ánh","quantity":1,"cart_total":4}
[2025-12-01 00:51:27] [DEBUG] unknown:0 | Sending JSON response | Context: {"response":{"success":true,"message":"Đã thêm sản phẩm vào giỏ hàng thành công!","cartCount":4,"subtotal":374000,"finalTotal":374000,"discount":0,"lineTotal":72000},"cart_count":4}
[2025-12-01 00:51:28] [DEBUG] Router.php:104 | CartController initialized | Context: {"session_status":2,"session_id":"lpup50phpljc5rssr9ank9707s"}
[2025-12-01 00:51:31] [DEBUG] Router.php:104 | CartController initialized | Context: {"session_status":2,"session_id":"lpup50phpljc5rssr9ank9707s"}
[2025-12-01 00:51:37] [DEBUG] Router.php:104 | CartController initialized | Context: {"session_status":2,"session_id":"lpup50phpljc5rssr9ank9707s"}
[2025-12-01 00:51:40] [DEBUG] Router.php:104 | CartController initialized | Context: {"session_status":2,"session_id":"lpup50phpljc5rssr9ank9707s"}
[2025-12-01 00:51:48] [DEBUG] Router.php:104 | CartController initialized | Context: {"session_status":2,"session_id":"lpup50phpljc5rssr9ank9707s"}
[2025-12-01 00:51:49] [DEBUG] Router.php:104 | CartController initialized | Context: {"session_status":2,"session_id":"lpup50phpljc5rssr9ank9707s"}
[2025-12-01 00:51:56] [DEBUG] Router.php:104 | CartController initialized | Context: {"session_status":2,"session_id":"lpup50phpljc5rssr9ank9707s"}
[2025-12-01 00:52:17] [DEBUG] Router.php:104 | CartController initialized | Context: {"session_status":2,"session_id":"lpup50phpljc5rssr9ank9707s"}
[2025-12-01 00:55:32] [DEBUG] Router.php:104 | CartController initialized | Context: {"session_status":2,"session_id":"lpup50phpljc5rssr9ank9707s"}
[2025-12-01 00:59:08] [DEBUG] Router.php:104 | CartController initialized | Context: {"session_status":2,"session_id":"lpup50phpljc5rssr9ank9707s"}
[2025-12-01 01:01:25] [DEBUG] Router.php:104 | CartController initialized | Context: {"session_status":2,"session_id":"lpup50phpljc5rssr9ank9707s"}
[2025-12-01 01:01:32] [DEBUG] Router.php:104 | CartController initialized | Context: {"session_status":2,"session_id":"lpup50phpljc5rssr9ank9707s"}
[2025-12-01 01:01:34] [DEBUG] Router.php:104 | CartController initialized | Context: {"session_status":2,"session_id":"lpup50phpljc5rssr9ank9707s"}
[2025-12-01 01:01:37] [DEBUG] Router.php:104 | CartController initialized | Context: {"session_status":2,"session_id":"lpup50phpljc5rssr9ank9707s"}
[2025-12-01 01:03:25] [DEBUG] Router.php:104 | CartController initialized | Context: {"session_status":2,"session_id":"lpup50phpljc5rssr9ank9707s"}
[2025-12-01 01:03:28] [DEBUG] Router.php:104 | CartController initialized | Context: {"session_status":2,"session_id":"lpup50phpljc5rssr9ank9707s"}
[2025-12-01 01:03:31] [DEBUG] Router.php:104 | CartController initialized | Context: {"session_status":2,"session_id":"lpup50phpljc5rssr9ank9707s"}
[2025-12-01 01:03:44] [DEBUG] Router.php:104 | CartController initialized | Context: {"session_status":2,"session_id":"lpup50phpljc5rssr9ank9707s"}
[2025-12-01 01:04:19] [DEBUG] Router.php:104 | CartController initialized | Context: {"session_status":2,"session_id":"vgeui61a3h3avnp9f33p75geh9"}
[2025-12-01 01:04:23] [DEBUG] Router.php:104 | CartController initialized | Context: {"session_status":2,"session_id":"vgeui61a3h3avnp9f33p75geh9"}
[2025-12-01 01:04:29] [DEBUG] Router.php:104 | CartController initialized | Context: {"session_status":2,"session_id":"vgeui61a3h3avnp9f33p75geh9"}
[2025-12-01 01:04:31] [DEBUG] Router.php:104 | CartController initialized | Context: {"session_status":2,"session_id":"vgeui61a3h3avnp9f33p75geh9"}
[2025-12-01 01:08:29] [DEBUG] Router.php:104 | CartController initialized | Context: {"session_status":2,"session_id":"vgeui61a3h3avnp9f33p75geh9"}
[2025-12-01 01:08:42] [DEBUG] Router.php:104 | CartController initialized | Context: {"session_status":2,"session_id":"lpup50phpljc5rssr9ank9707s"}
[2025-12-01 01:08:46] [DEBUG] Router.php:104 | CartController initialized | Context: {"session_status":2,"session_id":"lpup50phpljc5rssr9ank9707s"}
[2025-12-01 01:09:00] [DEBUG] Router.php:104 | CartController initialized | Context: {"session_status":2,"session_id":"lpup50phpljc5rssr9ank9707s"}
[2025-12-01 01:10:56] [DEBUG] Router.php:104 | CartController initialized | Context: {"session_status":2,"session_id":"lpup50phpljc5rssr9ank9707s"}
[2025-12-01 01:11:09] [DEBUG] Router.php:104 | CartController initialized | Context: {"session_status":2,"session_id":"lpup50phpljc5rssr9ank9707s"}
[2025-12-01 01:11:28] [DEBUG] Router.php:104 | CartController initialized | Context: {"session_status":2,"session_id":"lpup50phpljc5rssr9ank9707s"}
[2025-12-01 01:11:46] [DEBUG] Router.php:104 | CartController initialized | Context: {"session_status":2,"session_id":"lpup50phpljc5rssr9ank9707s"}
[2025-12-01 01:11:56] [DEBUG] Router.php:104 | CartController initialized | Context: {"session_status":2,"session_id":"lpup50phpljc5rssr9ank9707s"}
[2025-12-01 01:12:03] [DEBUG] Router.php:104 | CartController initialized | Context: {"session_status":2,"session_id":"lpup50phpljc5rssr9ank9707s"}
[2025-12-01 01:14:16] [DEBUG] Router.php:104 | CartController initialized | Context: {"session_status":2,"session_id":"lpup50phpljc5rssr9ank9707s"}
[2025-12-01 01:14:41] [DEBUG] Router.php:104 | CartController initialized | Context: {"session_status":2,"session_id":"lpup50phpljc5rssr9ank9707s"}
[2025-12-01 01:15:52] [DEBUG] Router.php:104 | CartController initialized | Context: {"session_status":2,"session_id":"lpup50phpljc5rssr9ank9707s"}
[2025-12-03 10:15:39] [DEBUG] Router.php:104 | CartController initialized | Context: {"session_status":2,"session_id":"nn3b15cfcfie80020cmft8tapd"}
[2025-12-03 10:15:50] [DEBUG] Router.php:104 | CartController initialized | Context: {"session_status":2,"session_id":"nn3b15cfcfie80020cmft8tapd"}
[2025-12-03 10:15:50] [DEBUG] unknown:0 | CartController::add() called | Context: {"POST_data":{"id":"12","qty":"1"},"SERVER_data":{"HTTP_X_REQUESTED_WITH":"XMLHttpRequest","REQUEST_METHOD":"POST","CONTENT_TYPE":"multipart/form-data; boundary=----WebKitFormBoundary1j6Bruk6IKLXPtCk"}}
[2025-12-03 10:15:50] [DEBUG] unknown:0 | Processing add to cart | Context: {"book_id":"12","quantity":1}
[2025-12-03 10:15:50] [DEBUG] unknown:0 | Database connection successful
[2025-12-03 10:15:50] [DEBUG] unknown:0 | Database query result | Context: {"book_id":"12","book_found":true,"book_data":{"id":12,"ten_sach":"a","tac_gia":"a","gia_goc":"10000.00","gia_khuyen_mai":null,"phan_tram_giam":0,"so_luong":0,"mo_ta":"","anh_bia":"book_691e61e25707d7.09131624.jpg","id_danh_muc":null,"ngay_tao":"2025-11-20 07:33:38","ngay_cap_nhat":"2025-11-20 07:33:38"}}
[2025-12-03 10:15:50] [DEBUG] unknown:0 | Book added to cart | Context: {"book_id":"12","book_title":"a","book_author":"a","quantity":1,"cart_total":1}
[2025-12-03 10:15:50] [DEBUG] unknown:0 | Sending JSON response | Context: {"response":{"success":true,"message":"Đã thêm sản phẩm vào giỏ hàng thành công!","cartCount":1,"subtotal":10000,"finalTotal":10000,"discount":0,"lineTotal":10000},"cart_count":1}
[2025-12-03 10:15:51] [DEBUG] Router.php:104 | CartController initialized | Context: {"session_status":2,"session_id":"nn3b15cfcfie80020cmft8tapd"}
[2025-12-03 10:15:51] [DEBUG] unknown:0 | CartController::add() called | Context: {"POST_data":{"id":"10","qty":"1"},"SERVER_data":{"HTTP_X_REQUESTED_WITH":"XMLHttpRequest","REQUEST_METHOD":"POST","CONTENT_TYPE":"multipart/form-data; boundary=----WebKitFormBoundarybCHYLbsgnrV3mkD2"}}
[2025-12-03 10:15:51] [DEBUG] unknown:0 | Processing add to cart | Context: {"book_id":"10","quantity":1}
[2025-12-03 10:15:51] [DEBUG] unknown:0 | Database connection successful
[2025-12-03 10:15:51] [DEBUG] unknown:0 | Database query result | Context: {"book_id":"10","book_found":true,"book_data":{"id":10,"ten_sach":"Lược Sử Loài Người","tac_gia":"Yuval Noah Harari","gia_goc":"220000.00","gia_khuyen_mai":"176000.00","phan_tram_giam":20,"so_luong":35,"mo_ta":"Một cái nhìn toàn cảnh về lịch sử phát triển của loài người từ thời nguyên thủy đến hiện đại.","anh_bia":"luocsuloainguoi.jpg","id_danh_muc":5,"ngay_tao":"2025-11-19 23:28:53","ngay_cap_nhat":"2025-11-19 23:28:53"}}
[2025-12-03 10:15:51] [DEBUG] unknown:0 | Book added to cart | Context: {"book_id":"10","book_title":"Lược Sử Loài Người","book_author":"Yuval Noah Harari","quantity":1,"cart_total":2}
[2025-12-03 10:15:51] [DEBUG] unknown:0 | Sending JSON response | Context: {"response":{"success":true,"message":"Đã thêm sản phẩm vào giỏ hàng thành công!","cartCount":2,"subtotal":186000,"finalTotal":186000,"discount":0,"lineTotal":176000},"cart_count":2}
[2025-12-03 10:15:52] [DEBUG] Router.php:104 | CartController initialized | Context: {"session_status":2,"session_id":"nn3b15cfcfie80020cmft8tapd"}
[2025-12-03 10:15:54] [DEBUG] Router.php:104 | CartController initialized | Context: {"session_status":2,"session_id":"nn3b15cfcfie80020cmft8tapd"}
[2025-12-03 10:16:01] [DEBUG] Router.php:104 | CartController initialized | Context: {"session_status":2,"session_id":"nn3b15cfcfie80020cmft8tapd"}
[2025-12-03 10:16:23] [DEBUG] Router.php:104 | CartController initialized | Context: {"session_status":2,"session_id":"nn3b15cfcfie80020cmft8tapd"}
[2025-12-03 10:16:40] [DEBUG] Router.php:104 | CartController initialized | Context: {"session_status":2,"session_id":"nn3b15cfcfie80020cmft8tapd"}
[2025-12-03 10:16:45] [DEBUG] Router.php:104 | CartController initialized | Context: {"session_status":2,"session_id":"nn3b15cfcfie80020cmft8tapd"}
[2025-12-03 10:16:56] [DEBUG] Router.php:104 | CartController initialized | Context: {"session_status":2,"session_id":"nn3b15cfcfie80020cmft8tapd"}
[2025-12-03 10:16:58] [DEBUG] Router.php:104 | CartController initialized | Context: {"session_status":2,"session_id":"nn3b15cfcfie80020cmft8tapd"}
[2025-12-03 10:17:08] [DEBUG] Router.php:104 | CartController initialized | Context: {"session_status":2,"session_id":"nn3b15cfcfie80020cmft8tapd"}
[2025-12-03 10:17:09] [DEBUG] Router.php:104 | CartController initialized | Context: {"session_status":2,"session_id":"nn3b15cfcfie80020cmft8tapd"}
[2025-12-03 10:17:11] [DEBUG] Router.php:104 | CartController initialized | Context: {"session_status":2,"session_id":"nn3b15cfcfie80020cmft8tapd"}
[2025-12-03 10:17:18] [DEBUG] Router.php:104 | CartController initialized | Context: {"session_status":2,"session_id":"nn3b15cfcfie80020cmft8tapd"}
[2025-12-03 10:17:21] [DEBUG] Router.php:104 | CartController initialized | Context: {"session_status":2,"session_id":"nn3b15cfcfie80020cmft8tapd"}
[2025-12-03 10:17:39] [DEBUG] Router.php:104 | CartController initialized | Context: {"session_status":2,"session_id":"nn3b15cfcfie80020cmft8tapd"}
[2025-12-03 10:17:41] [DEBUG] Router.php:104 | CartController initialized | Context: {"session_status":2,"session_id":"nn3b15cfcfie80020cmft8tapd"}
[2025-12-03 10:17:42] [DEBUG] Router.php:104 | CartController initialized | Context: {"session_status":2,"session_id":"nn3b15cfcfie80020cmft8tapd"}
[2025-12-03 10:17:42] [DEBUG] unknown:0 | CartController::add() called | Context: {"POST_data":{"id":"10","qty":"1"},"SERVER_data":{"HTTP_X_REQUESTED_WITH":"XMLHttpRequest","REQUEST_METHOD":"POST","CONTENT_TYPE":"multipart/form-data; boundary=----WebKitFormBoundaryrK4ns4zKx8vXcq1h"}}
[2025-12-03 10:17:42] [DEBUG] unknown:0 | Processing add to cart | Context: {"book_id":"10","quantity":1}
[2025-12-03 10:17:42] [DEBUG] unknown:0 | Database connection successful
[2025-12-03 10:17:42] [DEBUG] unknown:0 | Database query result | Context: {"book_id":"10","book_found":true,"book_data":{"id":10,"ten_sach":"Lược Sử Loài Người","tac_gia":"Yuval Noah Harari","gia_goc":"220000.00","gia_khuyen_mai":"176000.00","phan_tram_giam":20,"so_luong":35,"mo_ta":"Một cái nhìn toàn cảnh về lịch sử phát triển của loài người từ thời nguyên thủy đến hiện đại.","anh_bia":"luocsuloainguoi.jpg","id_danh_muc":5,"ngay_tao":"2025-11-19 23:28:53","ngay_cap_nhat":"2025-11-19 23:28:53"}}
[2025-12-03 10:17:42] [DEBUG] unknown:0 | Book added to cart | Context: {"book_id":"10","book_title":"Lược Sử Loài Người","book_author":"Yuval Noah Harari","quantity":1,"cart_total":1}
[2025-12-03 10:17:42] [DEBUG] unknown:0 | Sending JSON response | Context: {"response":{"success":true,"message":"Đã thêm sản phẩm vào giỏ hàng thành công!","cartCount":1,"subtotal":176000,"finalTotal":176000,"discount":0,"lineTotal":176000},"cart_count":1}
[2025-12-03 10:17:43] [DEBUG] Router.php:104 | CartController initialized | Context: {"session_status":2,"session_id":"nn3b15cfcfie80020cmft8tapd"}
[2025-12-03 10:17:43] [DEBUG] unknown:0 | CartController::add() called | Context: {"POST_data":{"id":"10","qty":"1"},"SERVER_data":{"HTTP_X_REQUESTED_WITH":"XMLHttpRequest","REQUEST_METHOD":"POST","CONTENT_TYPE":"multipart/form-data; boundary=----WebKitFormBoundaryD1FisEaBi4NMrYyx"}}
[2025-12-03 10:17:43] [DEBUG] unknown:0 | Processing add to cart | Context: {"book_id":"10","quantity":1}
[2025-12-03 10:17:43] [DEBUG] unknown:0 | Database connection successful
[2025-12-03 10:17:43] [DEBUG] unknown:0 | Database query result | Context: {"book_id":"10","book_found":true,"book_data":{"id":10,"ten_sach":"Lược Sử Loài Người","tac_gia":"Yuval Noah Harari","gia_goc":"220000.00","gia_khuyen_mai":"176000.00","phan_tram_giam":20,"so_luong":35,"mo_ta":"Một cái nhìn toàn cảnh về lịch sử phát triển của loài người từ thời nguyên thủy đến hiện đại.","anh_bia":"luocsuloainguoi.jpg","id_danh_muc":5,"ngay_tao":"2025-11-19 23:28:53","ngay_cap_nhat":"2025-11-19 23:28:53"}}
[2025-12-03 10:17:43] [DEBUG] unknown:0 | Book added to cart | Context: {"book_id":"10","book_title":"Lược Sử Loài Người","book_author":"Yuval Noah Harari","quantity":1,"cart_total":1}
[2025-12-03 10:17:43] [DEBUG] unknown:0 | Sending JSON response | Context: {"response":{"success":true,"message":"Đã thêm sản phẩm vào giỏ hàng thành công!","cartCount":2,"subtotal":352000,"finalTotal":352000,"discount":0,"lineTotal":352000},"cart_count":2}
[2025-12-03 10:17:44] [DEBUG] Router.php:104 | CartController initialized | Context: {"session_status":2,"session_id":"nn3b15cfcfie80020cmft8tapd"}
[2025-12-03 10:17:46] [DEBUG] Router.php:104 | CartController initialized | Context: {"session_status":2,"session_id":"nn3b15cfcfie80020cmft8tapd"}
[2025-12-03 10:17:49] [DEBUG] Router.php:104 | CartController initialized | Context: {"session_status":2,"session_id":"nn3b15cfcfie80020cmft8tapd"}
[2025-12-03 10:17:53] [DEBUG] Router.php:104 | CartController initialized | Context: {"session_status":2,"session_id":"nn3b15cfcfie80020cmft8tapd"}
[2025-12-03 10:18:24] [DEBUG] Router.php:104 | CartController initialized | Context: {"session_status":2,"session_id":"ncc9f86824tssnepv4r2dt581a"}
[2025-12-03 10:18:26] [DEBUG] Router.php:104 | CartController initialized | Context: {"session_status":2,"session_id":"ncc9f86824tssnepv4r2dt581a"}
[2025-12-03 10:22:44] [DEBUG] Router.php:104 | CartController initialized | Context: {"session_status":2,"session_id":"ncc9f86824tssnepv4r2dt581a"}
[2025-12-03 10:22:59] [DEBUG] Router.php:104 | CartController initialized | Context: {"session_status":2,"session_id":"ncc9f86824tssnepv4r2dt581a"}
[2025-12-03 10:22:59] [DEBUG] unknown:0 | CartController::add() called | Context: {"POST_data":{"id":"12","qty":"1"},"SERVER_data":{"HTTP_X_REQUESTED_WITH":"XMLHttpRequest","REQUEST_METHOD":"POST","CONTENT_TYPE":"multipart/form-data; boundary=----WebKitFormBoundaryeFUkaz1FyhvlkZ7Q"}}
[2025-12-03 10:22:59] [DEBUG] unknown:0 | Processing add to cart | Context: {"book_id":"12","quantity":1}
[2025-12-03 10:22:59] [DEBUG] unknown:0 | Database connection successful
[2025-12-03 10:22:59] [DEBUG] unknown:0 | Database query result | Context: {"book_id":"12","book_found":true,"book_data":{"id":12,"ten_sach":"a","tac_gia":"a","gia_goc":"10000.00","gia_khuyen_mai":null,"phan_tram_giam":0,"so_luong":0,"mo_ta":"","anh_bia":"book_691e61e25707d7.09131624.jpg","id_danh_muc":null,"ngay_tao":"2025-11-20 07:33:38","ngay_cap_nhat":"2025-11-20 07:33:38"}}
[2025-12-03 10:22:59] [DEBUG] unknown:0 | Book added to cart | Context: {"book_id":"12","book_title":"a","book_author":"a","quantity":1,"cart_total":1}
[2025-12-03 10:22:59] [DEBUG] unknown:0 | Sending JSON response | Context: {"response":{"success":true,"message":"Đã thêm sản phẩm vào giỏ hàng thành công!","cartCount":1,"subtotal":10000,"finalTotal":10000,"discount":0,"lineTotal":10000},"cart_count":1}
[2025-12-03 10:23:00] [DEBUG] Router.php:104 | CartController initialized | Context: {"session_status":2,"session_id":"ncc9f86824tssnepv4r2dt581a"}
[2025-12-03 10:23:00] [DEBUG] unknown:0 | CartController::add() called | Context: {"POST_data":{"id":"10","qty":"1"},"SERVER_data":{"HTTP_X_REQUESTED_WITH":"XMLHttpRequest","REQUEST_METHOD":"POST","CONTENT_TYPE":"multipart/form-data; boundary=----WebKitFormBoundarylx3WYaTbmBBjwezM"}}
[2025-12-03 10:23:00] [DEBUG] unknown:0 | Processing add to cart | Context: {"book_id":"10","quantity":1}
[2025-12-03 10:23:00] [DEBUG] unknown:0 | Database connection successful
[2025-12-03 10:23:00] [DEBUG] unknown:0 | Database query result | Context: {"book_id":"10","book_found":true,"book_data":{"id":10,"ten_sach":"Lược Sử Loài Người","tac_gia":"Yuval Noah Harari","gia_goc":"220000.00","gia_khuyen_mai":"176000.00","phan_tram_giam":20,"so_luong":35,"mo_ta":"Một cái nhìn toàn cảnh về lịch sử phát triển của loài người từ thời nguyên thủy đến hiện đại.","anh_bia":"luocsuloainguoi.jpg","id_danh_muc":5,"ngay_tao":"2025-11-19 23:28:53","ngay_cap_nhat":"2025-11-19 23:28:53"}}
[2025-12-03 10:23:00] [DEBUG] unknown:0 | Book added to cart | Context: {"book_id":"10","book_title":"Lược Sử Loài Người","book_author":"Yuval Noah Harari","quantity":1,"cart_total":2}
[2025-12-03 10:23:00] [DEBUG] unknown:0 | Sending JSON response | Context: {"response":{"success":true,"message":"Đã thêm sản phẩm vào giỏ hàng thành công!","cartCount":2,"subtotal":186000,"finalTotal":186000,"discount":0,"lineTotal":176000},"cart_count":2}
[2025-12-03 10:23:01] [DEBUG] Router.php:104 | CartController initialized | Context: {"session_status":2,"session_id":"ncc9f86824tssnepv4r2dt581a"}
[2025-12-03 10:23:01] [DEBUG] unknown:0 | CartController::add() called | Context: {"POST_data":{"id":"9","qty":"1"},"SERVER_data":{"HTTP_X_REQUESTED_WITH":"XMLHttpRequest","REQUEST_METHOD":"POST","CONTENT_TYPE":"multipart/form-data; boundary=----WebKitFormBoundaryled9KNw3YHNfsTzi"}}
[2025-12-03 10:23:01] [DEBUG] unknown:0 | Processing add to cart | Context: {"book_id":"9","quantity":1}
[2025-12-03 10:23:01] [DEBUG] unknown:0 | Database connection successful
[2025-12-03 10:23:01] [DEBUG] unknown:0 | Database query result | Context: {"book_id":"9","book_found":true,"book_data":{"id":9,"ten_sach":"Muôn Kiếp Nhân Sinh","tac_gia":"Nguyễn Nhật Ánh","gia_goc":"145000.00","gia_khuyen_mai":"116000.00","phan_tram_giam":20,"so_luong":55,"mo_ta":"Cuốn sách về luật nhân quả, luân hồi qua những câu chuyện ngắn gọn nhưng sâu sắc, giúp người đọc hiểu hơn về cuộc sống.","anh_bia":"muonkiepnhansinh.jpg","id_danh_muc":4,"ngay_tao":"2025-11-19 23:28:53","ngay_cap_nhat":"2025-11-19 23:28:53"}}
[2025-12-03 10:23:01] [DEBUG] unknown:0 | Book added to cart | Context: {"book_id":"9","book_title":"Muôn Kiếp Nhân Sinh","book_author":"Nguyễn Nhật Ánh","quantity":1,"cart_total":3}
[2025-12-03 10:23:01] [DEBUG] unknown:0 | Sending JSON response | Context: {"response":{"success":true,"message":"Đã thêm sản phẩm vào giỏ hàng thành công!","cartCount":3,"subtotal":302000,"finalTotal":302000,"discount":0,"lineTotal":116000},"cart_count":3}
[2025-12-03 10:23:02] [DEBUG] Router.php:104 | CartController initialized | Context: {"session_status":2,"session_id":"ncc9f86824tssnepv4r2dt581a"}
[2025-12-03 10:23:03] [DEBUG] Router.php:104 | CartController initialized | Context: {"session_status":2,"session_id":"ncc9f86824tssnepv4r2dt581a"}
[2025-12-03 10:23:08] [DEBUG] Router.php:104 | CartController initialized | Context: {"session_status":2,"session_id":"ncc9f86824tssnepv4r2dt581a"}
[2025-12-03 10:23:12] [DEBUG] Router.php:104 | CartController initialized | Context: {"session_status":2,"session_id":"ncc9f86824tssnepv4r2dt581a"}
[2025-12-03 10:23:15] [DEBUG] Router.php:104 | CartController initialized | Context: {"session_status":2,"session_id":"ncc9f86824tssnepv4r2dt581a"}
[2025-12-03 10:33:34] [DEBUG] Router.php:104 | CartController initialized | Context: {"session_status":2,"session_id":"ncc9f86824tssnepv4r2dt581a"}
[2025-12-03 10:34:01] [DEBUG] Router.php:104 | CartController initialized | Context: {"session_status":2,"session_id":"ncc9f86824tssnepv4r2dt581a"}
[2025-12-03 10:34:07] [DEBUG] Router.php:104 | CartController initialized | Context: {"session_status":2,"session_id":"ncc9f86824tssnepv4r2dt581a"}
[2025-12-03 10:34:08] [DEBUG] Router.php:104 | CartController initialized | Context: {"session_status":2,"session_id":"ncc9f86824tssnepv4r2dt581a"}
[2025-12-03 10:34:08] [DEBUG] unknown:0 | CartController::add() called | Context: {"POST_data":{"id":"12","qty":"1"},"SERVER_data":{"HTTP_X_REQUESTED_WITH":"XMLHttpRequest","REQUEST_METHOD":"POST","CONTENT_TYPE":"multipart/form-data; boundary=----WebKitFormBoundarycvkLoTfy3nABMjl7"}}
[2025-12-03 10:34:08] [DEBUG] unknown:0 | Processing add to cart | Context: {"book_id":"12","quantity":1}
[2025-12-03 10:34:08] [DEBUG] unknown:0 | Database connection successful
[2025-12-03 10:34:08] [DEBUG] unknown:0 | Database query result | Context: {"book_id":"12","book_found":true,"book_data":{"id":12,"ten_sach":"a","tac_gia":"a","gia_goc":"10000.00","gia_khuyen_mai":null,"phan_tram_giam":0,"so_luong":0,"mo_ta":"","anh_bia":"book_691e61e25707d7.09131624.jpg","id_danh_muc":null,"ngay_tao":"2025-11-20 07:33:38","ngay_cap_nhat":"2025-11-20 07:33:38"}}
[2025-12-03 10:34:08] [DEBUG] unknown:0 | Book added to cart | Context: {"book_id":"12","book_title":"a","book_author":"a","quantity":1,"cart_total":1}
[2025-12-03 10:34:08] [DEBUG] unknown:0 | Sending JSON response | Context: {"response":{"success":true,"message":"Đã thêm sản phẩm vào giỏ hàng thành công!","cartCount":1,"subtotal":10000,"finalTotal":10000,"discount":0,"lineTotal":10000},"cart_count":1}
[2025-12-03 10:34:09] [DEBUG] Router.php:104 | CartController initialized | Context: {"session_status":2,"session_id":"ncc9f86824tssnepv4r2dt581a"}
[2025-12-03 10:34:09] [DEBUG] unknown:0 | CartController::add() called | Context: {"POST_data":{"id":"10","qty":"1"},"SERVER_data":{"HTTP_X_REQUESTED_WITH":"XMLHttpRequest","REQUEST_METHOD":"POST","CONTENT_TYPE":"multipart/form-data; boundary=----WebKitFormBoundaryizMQuBPyyLOD8mAZ"}}
[2025-12-03 10:34:09] [DEBUG] unknown:0 | Processing add to cart | Context: {"book_id":"10","quantity":1}
[2025-12-03 10:34:09] [DEBUG] unknown:0 | Database connection successful
[2025-12-03 10:34:09] [DEBUG] unknown:0 | Database query result | Context: {"book_id":"10","book_found":true,"book_data":{"id":10,"ten_sach":"Lược Sử Loài Người","tac_gia":"Yuval Noah Harari","gia_goc":"220000.00","gia_khuyen_mai":"176000.00","phan_tram_giam":20,"so_luong":35,"mo_ta":"Một cái nhìn toàn cảnh về lịch sử phát triển của loài người từ thời nguyên thủy đến hiện đại.","anh_bia":"luocsuloainguoi.jpg","id_danh_muc":5,"ngay_tao":"2025-11-19 23:28:53","ngay_cap_nhat":"2025-11-19 23:28:53"}}
[2025-12-03 10:34:09] [DEBUG] unknown:0 | Book added to cart | Context: {"book_id":"10","book_title":"Lược Sử Loài Người","book_author":"Yuval Noah Harari","quantity":1,"cart_total":2}
[2025-12-03 10:34:09] [DEBUG] unknown:0 | Sending JSON response | Context: {"response":{"success":true,"message":"Đã thêm sản phẩm vào giỏ hàng thành công!","cartCount":2,"subtotal":186000,"finalTotal":186000,"discount":0,"lineTotal":176000},"cart_count":2}
[2025-12-03 10:34:10] [DEBUG] Router.php:104 | CartController initialized | Context: {"session_status":2,"session_id":"ncc9f86824tssnepv4r2dt581a"}
[2025-12-03 10:34:10] [DEBUG] unknown:0 | CartController::add() called | Context: {"POST_data":{"id":"9","qty":"1"},"SERVER_data":{"HTTP_X_REQUESTED_WITH":"XMLHttpRequest","REQUEST_METHOD":"POST","CONTENT_TYPE":"multipart/form-data; boundary=----WebKitFormBoundaryt9niheGPpE55JfGE"}}
[2025-12-03 10:34:10] [DEBUG] unknown:0 | Processing add to cart | Context: {"book_id":"9","quantity":1}
[2025-12-03 10:34:10] [DEBUG] unknown:0 | Database connection successful
[2025-12-03 10:34:10] [DEBUG] unknown:0 | Database query result | Context: {"book_id":"9","book_found":true,"book_data":{"id":9,"ten_sach":"Muôn Kiếp Nhân Sinh","tac_gia":"Nguyễn Nhật Ánh","gia_goc":"145000.00","gia_khuyen_mai":"116000.00","phan_tram_giam":20,"so_luong":55,"mo_ta":"Cuốn sách về luật nhân quả, luân hồi qua những câu chuyện ngắn gọn nhưng sâu sắc, giúp người đọc hiểu hơn về cuộc sống.","anh_bia":"muonkiepnhansinh.jpg","id_danh_muc":4,"ngay_tao":"2025-11-19 23:28:53","ngay_cap_nhat":"2025-11-19 23:28:53"}}
[2025-12-03 10:34:10] [DEBUG] unknown:0 | Book added to cart | Context: {"book_id":"9","book_title":"Muôn Kiếp Nhân Sinh","book_author":"Nguyễn Nhật Ánh","quantity":1,"cart_total":3}
[2025-12-03 10:34:10] [DEBUG] unknown:0 | Sending JSON response | Context: {"response":{"success":true,"message":"Đã thêm sản phẩm vào giỏ hàng thành công!","cartCount":3,"subtotal":302000,"finalTotal":302000,"discount":0,"lineTotal":116000},"cart_count":3}
[2025-12-03 10:34:11] [DEBUG] Router.php:104 | CartController initialized | Context: {"session_status":2,"session_id":"ncc9f86824tssnepv4r2dt581a"}
[2025-12-03 10:34:12] [DEBUG] Router.php:104 | CartController initialized | Context: {"session_status":2,"session_id":"ncc9f86824tssnepv4r2dt581a"}
[2025-12-03 10:34:19] [DEBUG] Router.php:104 | CartController initialized | Context: {"session_status":2,"session_id":"ncc9f86824tssnepv4r2dt581a"}
[2025-12-03 10:34:24] [DEBUG] Router.php:104 | CartController initialized | Context: {"session_status":2,"session_id":"ncc9f86824tssnepv4r2dt581a"}
[2025-12-03 10:34:26] [DEBUG] Router.php:104 | CartController initialized | Context: {"session_status":2,"session_id":"ncc9f86824tssnepv4r2dt581a"}
[2025-12-03 10:34:29] [DEBUG] Router.php:104 | CartController initialized | Context: {"session_status":2,"session_id":"ncc9f86824tssnepv4r2dt581a"}
[2025-12-03 10:34:34] [DEBUG] Router.php:104 | CartController initialized | Context: {"session_status":2,"session_id":"ncc9f86824tssnepv4r2dt581a"}
[2025-12-03 10:34:36] [DEBUG] Router.php:104 | CartController initialized | Context: {"session_status":2,"session_id":"ncc9f86824tssnepv4r2dt581a"}
[2025-12-03 10:34:42] [DEBUG] Router.php:104 | CartController initialized | Context: {"session_status":2,"session_id":"ncc9f86824tssnepv4r2dt581a"}
[2025-12-03 10:34:47] [DEBUG] Router.php:104 | CartController initialized | Context: {"session_status":2,"session_id":"ncc9f86824tssnepv4r2dt581a"}
[2025-12-03 10:34:52] [DEBUG] Router.php:104 | CartController initialized | Context: {"session_status":2,"session_id":"ncc9f86824tssnepv4r2dt581a"}
[2025-12-03 10:34:54] [DEBUG] Router.php:104 | CartController initialized | Context: {"session_status":2,"session_id":"ncc9f86824tssnepv4r2dt581a"}
[2025-12-03 10:34:55] [DEBUG] Router.php:104 | CartController initialized | Context: {"session_status":2,"session_id":"ncc9f86824tssnepv4r2dt581a"}
[2025-12-03 10:34:57] [DEBUG] Router.php:104 | CartController initialized | Context: {"session_status":2,"session_id":"ncc9f86824tssnepv4r2dt581a"}
[2025-12-03 10:35:01] [DEBUG] Router.php:104 | CartController initialized | Context: {"session_status":2,"session_id":"ncc9f86824tssnepv4r2dt581a"}
[2025-12-03 10:35:03] [DEBUG] Router.php:104 | CartController initialized | Context: {"session_status":2,"session_id":"ncc9f86824tssnepv4r2dt581a"}
[2025-12-03 10:35:13] [DEBUG] Router.php:104 | CartController initialized | Context: {"session_status":2,"session_id":"ncc9f86824tssnepv4r2dt581a"}
[2025-12-03 10:35:18] [DEBUG] Router.php:104 | CartController initialized | Context: {"session_status":2,"session_id":"ncc9f86824tssnepv4r2dt581a"}
[2025-12-03 10:35:22] [DEBUG] Router.php:104 | CartController initialized | Context: {"session_status":2,"session_id":"ncc9f86824tssnepv4r2dt581a"}
[2025-12-03 10:35:28] [DEBUG] Router.php:104 | CartController initialized | Context: {"session_status":2,"session_id":"ncc9f86824tssnepv4r2dt581a"}
[2025-12-03 10:37:19] [DEBUG] Router.php:104 | CartController initialized | Context: {"session_status":2,"session_id":"ncc9f86824tssnepv4r2dt581a"}
[2025-12-03 10:38:02] [DEBUG] Router.php:104 | CartController initialized | Context: {"session_status":2,"session_id":"ncc9f86824tssnepv4r2dt581a"}
[2025-12-03 10:43:42] [DEBUG] Router.php:104 | CartController initialized | Context: {"session_status":2,"session_id":"ncc9f86824tssnepv4r2dt581a"}
[2025-12-03 10:43:46] [DEBUG] Router.php:104 | CartController initialized | Context: {"session_status":2,"session_id":"ncc9f86824tssnepv4r2dt581a"}
[2025-12-03 10:43:49] [DEBUG] Router.php:104 | CartController initialized | Context: {"session_status":2,"session_id":"ncc9f86824tssnepv4r2dt581a"}
[2025-12-03 10:45:20] [DEBUG] Router.php:104 | CartController initialized | Context: {"session_status":2,"session_id":"ncc9f86824tssnepv4r2dt581a"}
[2025-12-03 10:45:28] [DEBUG] Router.php:104 | CartController initialized | Context: {"session_status":2,"session_id":"ncc9f86824tssnepv4r2dt581a"}
[2025-12-03 10:46:36] [DEBUG] Router.php:104 | CartController initialized | Context: {"session_status":2,"session_id":"ncc9f86824tssnepv4r2dt581a"}
[2025-12-03 10:46:39] [DEBUG] Router.php:104 | CartController initialized | Context: {"session_status":2,"session_id":"ncc9f86824tssnepv4r2dt581a"}
[2025-12-03 10:46:42] [DEBUG] Router.php:104 | CartController initialized | Context: {"session_status":2,"session_id":"ncc9f86824tssnepv4r2dt581a"}
[2025-12-03 10:46:45] [DEBUG] Router.php:104 | CartController initialized | Context: {"session_status":2,"session_id":"ncc9f86824tssnepv4r2dt581a"}
[2025-12-03 10:46:47] [DEBUG] Router.php:104 | CartController initialized | Context: {"session_status":2,"session_id":"ncc9f86824tssnepv4r2dt581a"}
[2025-12-03 10:51:17] [DEBUG] Router.php:104 | CartController initialized | Context: {"session_status":2,"session_id":"ncc9f86824tssnepv4r2dt581a"}
[2025-12-03 10:51:24] [DEBUG] Router.php:104 | CartController initialized | Context: {"session_status":2,"session_id":"ncc9f86824tssnepv4r2dt581a"}
[2025-12-03 10:51:25] [DEBUG] Router.php:104 | CartController initialized | Context: {"session_status":2,"session_id":"ncc9f86824tssnepv4r2dt581a"}
[2025-12-03 10:51:28] [DEBUG] Router.php:104 | CartController initialized | Context: {"session_status":2,"session_id":"ncc9f86824tssnepv4r2dt581a"}
[2025-12-03 10:51:31] [DEBUG] Router.php:104 | CartController initialized | Context: {"session_status":2,"session_id":"ncc9f86824tssnepv4r2dt581a"}
[2025-12-03 10:51:35] [DEBUG] Router.php:104 | CartController initialized | Context: {"session_status":2,"session_id":"ncc9f86824tssnepv4r2dt581a"}
[2025-12-03 10:51:37] [DEBUG] Router.php:104 | CartController initialized | Context: {"session_status":2,"session_id":"ncc9f86824tssnepv4r2dt581a"}
[2025-12-03 10:51:52] [DEBUG] Router.php:104 | CartController initialized | Context: {"session_status":2,"session_id":"ncc9f86824tssnepv4r2dt581a"}
[2025-12-03 10:51:54] [DEBUG] Router.php:104 | CartController initialized | Context: {"session_status":2,"session_id":"ncc9f86824tssnepv4r2dt581a"}
[2025-12-03 10:51:57] [DEBUG] Router.php:104 | CartController initialized | Context: {"session_status":2,"session_id":"ncc9f86824tssnepv4r2dt581a"}
[2025-12-03 10:51:59] [DEBUG] Router.php:104 | CartController initialized | Context: {"session_status":2,"session_id":"ncc9f86824tssnepv4r2dt581a"}
[2025-12-03 11:26:04] [DEBUG] Router.php:104 | CartController initialized | Context: {"session_status":2,"session_id":"ncc9f86824tssnepv4r2dt581a"}
[2025-12-03 11:26:06] [DEBUG] Router.php:104 | CartController initialized | Context: {"session_status":2,"session_id":"ncc9f86824tssnepv4r2dt581a"}
[2025-12-03 11:26:11] [DEBUG] Router.php:104 | CartController initialized | Context: {"session_status":2,"session_id":"ncc9f86824tssnepv4r2dt581a"}
[2025-12-03 11:26:18] [DEBUG] Router.php:104 | CartController initialized | Context: {"session_status":2,"session_id":"ncc9f86824tssnepv4r2dt581a"}
[2025-12-03 11:26:33] [DEBUG] Router.php:104 | CartController initialized | Context: {"session_status":2,"session_id":"ncc9f86824tssnepv4r2dt581a"}
[2025-12-03 11:26:39] [DEBUG] Router.php:104 | CartController initialized | Context: {"session_status":2,"session_id":"ncc9f86824tssnepv4r2dt581a"}
[2025-12-03 11:31:01] [DEBUG] Router.php:104 | CartController initialized | Context: {"session_status":2,"session_id":"ncc9f86824tssnepv4r2dt581a"}
[2025-12-03 11:56:59] [DEBUG] Router.php:104 | CartController initialized | Context: {"session_status":2,"session_id":"ncc9f86824tssnepv4r2dt581a"}
[2025-12-03 11:58:12] [DEBUG] Router.php:104 | CartController initialized | Context: {"session_status":2,"session_id":"ncc9f86824tssnepv4r2dt581a"}
[2025-12-03 11:58:49] [DEBUG] Router.php:104 | CartController initialized | Context: {"session_status":2,"session_id":"ncc9f86824tssnepv4r2dt581a"}
[2025-12-03 11:58:55] [DEBUG] Router.php:104 | CartController initialized | Context: {"session_status":2,"session_id":"ncc9f86824tssnepv4r2dt581a"}
[2025-12-03 11:58:59] [DEBUG] Router.php:104 | CartController initialized | Context: {"session_status":2,"session_id":"ncc9f86824tssnepv4r2dt581a"}
[2025-12-03 11:59:00] [DEBUG] Router.php:104 | CartController initialized | Context: {"session_status":2,"session_id":"ncc9f86824tssnepv4r2dt581a"}
[2025-12-03 11:59:00] [DEBUG] unknown:0 | CartController::add() called | Context: {"POST_data":{"id":"7","qty":"1"},"SERVER_data":{"HTTP_X_REQUESTED_WITH":"XMLHttpRequest","REQUEST_METHOD":"POST","CONTENT_TYPE":"multipart/form-data; boundary=----WebKitFormBoundaryGTwVlAubXNVe9ZJl"}}
[2025-12-03 11:59:00] [DEBUG] unknown:0 | Processing add to cart | Context: {"book_id":"7","quantity":1}
[2025-12-03 11:59:00] [DEBUG] unknown:0 | Database connection successful
[2025-12-03 11:59:00] [DEBUG] unknown:0 | Database query result | Context: {"book_id":"7","book_found":true,"book_data":{"id":7,"ten_sach":"Harry Potter và Hòn Đá Phù Thủy","tac_gia":"J.K. Rowling","gia_goc":"180000.00","gia_khuyen_mai":"144000.00","phan_tram_giam":20,"so_luong":40,"mo_ta":"Cuốn sách đầu tiên trong series Harry Potter nổi tiếng thế giới, kể về cuộc phiêu lưu của cậu bé phù thủy tại Hogwarts.","anh_bia":"herypotterter.jpg","id_danh_muc":6,"ngay_tao":"2025-11-19 23:28:53","ngay_cap_nhat":"2025-11-19 23:28:53"}}
[2025-12-03 11:59:00] [DEBUG] unknown:0 | Book added to cart | Context: {"book_id":"7","book_title":"Harry Potter và Hòn Đá Phù Thủy","book_author":"J.K. Rowling","quantity":1,"cart_total":1}
[2025-12-03 11:59:00] [DEBUG] unknown:0 | Sending JSON response | Context: {"response":{"success":true,"message":"Đã thêm sản phẩm vào giỏ hàng thành công!","cartCount":1,"subtotal":144000,"finalTotal":144000,"discount":0,"lineTotal":144000},"cart_count":1}
[2025-12-03 11:59:01] [DEBUG] Router.php:104 | CartController initialized | Context: {"session_status":2,"session_id":"ncc9f86824tssnepv4r2dt581a"}
[2025-12-03 11:59:03] [DEBUG] Router.php:104 | CartController initialized | Context: {"session_status":2,"session_id":"ncc9f86824tssnepv4r2dt581a"}
[2025-12-03 11:59:06] [DEBUG] Router.php:104 | CartController initialized | Context: {"session_status":2,"session_id":"ncc9f86824tssnepv4r2dt581a"}
[2025-12-03 11:59:10] [DEBUG] Router.php:104 | CartController initialized | Context: {"session_status":2,"session_id":"ncc9f86824tssnepv4r2dt581a"}
[2025-12-03 11:59:12] [DEBUG] Router.php:104 | CartController initialized | Context: {"session_status":2,"session_id":"ncc9f86824tssnepv4r2dt581a"}
[2025-12-03 11:59:22] [DEBUG] Router.php:104 | CartController initialized | Context: {"session_status":2,"session_id":"ncc9f86824tssnepv4r2dt581a"}
[2025-12-03 11:59:24] [DEBUG] Router.php:104 | CartController initialized | Context: {"session_status":2,"session_id":"ncc9f86824tssnepv4r2dt581a"}
[2025-12-03 11:59:31] [DEBUG] Router.php:104 | CartController initialized | Context: {"session_status":2,"session_id":"ncc9f86824tssnepv4r2dt581a"}
[2025-12-03 11:59:34] [DEBUG] Router.php:104 | CartController initialized | Context: {"session_status":2,"session_id":"ncc9f86824tssnepv4r2dt581a"}
[2025-12-03 11:59:38] [DEBUG] Router.php:104 | CartController initialized | Context: {"session_status":2,"session_id":"ncc9f86824tssnepv4r2dt581a"}
[2025-12-03 11:59:41] [DEBUG] Router.php:104 | CartController initialized | Context: {"session_status":2,"session_id":"ncc9f86824tssnepv4r2dt581a"}
[2025-12-03 11:59:44] [DEBUG] Router.php:104 | CartController initialized | Context: {"session_status":2,"session_id":"ncc9f86824tssnepv4r2dt581a"}
[2025-12-03 11:59:45] [DEBUG] Router.php:104 | CartController initialized | Context: {"session_status":2,"session_id":"ncc9f86824tssnepv4r2dt581a"}
[2025-12-03 11:59:49] [DEBUG] Router.php:104 | CartController initialized | Context: {"session_status":2,"session_id":"ncc9f86824tssnepv4r2dt581a"}
[2025-12-03 12:01:41] [DEBUG] Router.php:104 | CartController initialized | Context: {"session_status":2,"session_id":"ncc9f86824tssnepv4r2dt581a"}
[2025-12-03 12:01:45] [DEBUG] Router.php:104 | CartController initialized | Context: {"session_status":2,"session_id":"ncc9f86824tssnepv4r2dt581a"}
[2025-12-03 12:01:48] [DEBUG] Router.php:104 | CartController initialized | Context: {"session_status":2,"session_id":"ncc9f86824tssnepv4r2dt581a"}
[2025-12-03 12:02:42] [DEBUG] Router.php:104 | CartController initialized | Context: {"session_status":2,"session_id":"ncc9f86824tssnepv4r2dt581a"}
[2025-12-03 12:02:44] [DEBUG] Router.php:104 | CartController initialized | Context: {"session_status":2,"session_id":"ncc9f86824tssnepv4r2dt581a"}
[2025-12-03 12:02:45] [DEBUG] Router.php:104 | CartController initialized | Context: {"session_status":2,"session_id":"ncc9f86824tssnepv4r2dt581a"}
[2025-12-03 12:02:48] [DEBUG] Router.php:104 | CartController initialized | Context: {"session_status":2,"session_id":"ncc9f86824tssnepv4r2dt581a"}
[2025-12-03 12:02:51] [DEBUG] Router.php:104 | CartController initialized | Context: {"session_status":2,"session_id":"ncc9f86824tssnepv4r2dt581a"}
[2025-12-03 12:05:03] [DEBUG] Router.php:104 | CartController initialized | Context: {"session_status":2,"session_id":"ncc9f86824tssnepv4r2dt581a"}
[2025-12-03 12:05:10] [DEBUG] Router.php:104 | CartController initialized | Context: {"session_status":2,"session_id":"ncc9f86824tssnepv4r2dt581a"}
[2025-12-03 12:05:13] [DEBUG] Router.php:104 | CartController initialized | Context: {"session_status":2,"session_id":"ncc9f86824tssnepv4r2dt581a"}
[2025-12-03 12:05:17] [DEBUG] Router.php:104 | CartController initialized | Context: {"session_status":2,"session_id":"ncc9f86824tssnepv4r2dt581a"}
[2025-12-03 12:05:43] [DEBUG] Router.php:104 | CartController initialized | Context: {"session_status":2,"session_id":"ncc9f86824tssnepv4r2dt581a"}
[2025-12-03 12:05:44] [DEBUG] Router.php:104 | CartController initialized | Context: {"session_status":2,"session_id":"ncc9f86824tssnepv4r2dt581a"}
[2025-12-03 12:05:46] [DEBUG] Router.php:104 | CartController initialized | Context: {"session_status":2,"session_id":"ncc9f86824tssnepv4r2dt581a"}
[2025-12-03 12:05:47] [DEBUG] Router.php:104 | CartController initialized | Context: {"session_status":2,"session_id":"ncc9f86824tssnepv4r2dt581a"}
[2025-12-03 12:05:50] [DEBUG] Router.php:104 | CartController initialized | Context: {"session_status":2,"session_id":"ncc9f86824tssnepv4r2dt581a"}
[2025-12-03 12:05:52] [DEBUG] Router.php:104 | CartController initialized | Context: {"session_status":2,"session_id":"ncc9f86824tssnepv4r2dt581a"}
[2025-12-03 12:08:19] [DEBUG] Router.php:104 | CartController initialized | Context: {"session_status":2,"session_id":"ncc9f86824tssnepv4r2dt581a"}
[2025-12-03 12:08:24] [DEBUG] Router.php:104 | CartController initialized | Context: {"session_status":2,"session_id":"ncc9f86824tssnepv4r2dt581a"}
[2025-12-03 12:09:32] [DEBUG] Router.php:104 | CartController initialized | Context: {"session_status":2,"session_id":"ncc9f86824tssnepv4r2dt581a"}
[2025-12-03 12:09:41] [DEBUG] Router.php:104 | CartController initialized | Context: {"session_status":2,"session_id":"ncc9f86824tssnepv4r2dt581a"}
[2025-12-03 12:13:36] [DEBUG] Router.php:104 | CartController initialized | Context: {"session_status":2,"session_id":"ncc9f86824tssnepv4r2dt581a"}
[2025-12-03 12:17:20] [DEBUG] Router.php:104 | CartController initialized | Context: {"session_status":2,"session_id":"ncc9f86824tssnepv4r2dt581a"}
[2025-12-03 12:22:15] [DEBUG] Router.php:104 | CartController initialized | Context: {"session_status":2,"session_id":"ncc9f86824tssnepv4r2dt581a"}
[2025-12-03 12:22:33] [DEBUG] Router.php:104 | CartController initialized | Context: {"session_status":2,"session_id":"ncc9f86824tssnepv4r2dt581a"}
[2025-12-04 00:15:29] [DEBUG] Router.php:104 | CartController initialized | Context: {"session_status":2,"session_id":"ncc9f86824tssnepv4r2dt581a"}
[2025-12-04 00:16:14] [DEBUG] Router.php:104 | CartController initialized | Context: {"session_status":2,"session_id":"ncc9f86824tssnepv4r2dt581a"}
[2025-12-04 00:16:23] [DEBUG] Router.php:104 | CartController initialized | Context: {"session_status":2,"session_id":"ncc9f86824tssnepv4r2dt581a"}
[2025-12-04 00:24:17] [DEBUG] Router.php:104 | CartController initialized | Context: {"session_status":2,"session_id":"ncc9f86824tssnepv4r2dt581a"}
[2025-12-04 00:34:59] [DEBUG] Router.php:104 | CartController initialized | Context: {"session_status":2,"session_id":"ncc9f86824tssnepv4r2dt581a"}
[2025-12-04 00:35:10] [DEBUG] Router.php:104 | CartController initialized | Context: {"session_status":2,"session_id":"ncc9f86824tssnepv4r2dt581a"}
[2025-12-04 00:39:34] [DEBUG] Router.php:104 | CartController initialized | Context: {"session_status":2,"session_id":"ncc9f86824tssnepv4r2dt581a"}
[2025-12-04 00:46:10] [DEBUG] Router.php:104 | CartController initialized | Context: {"session_status":2,"session_id":"ncc9f86824tssnepv4r2dt581a"}
[2025-12-04 00:46:17] [DEBUG] Router.php:104 | CartController initialized | Context: {"session_status":2,"session_id":"ncc9f86824tssnepv4r2dt581a"}
[2025-12-04 00:46:20] [DEBUG] Router.php:104 | CartController initialized | Context: {"session_status":2,"session_id":"ncc9f86824tssnepv4r2dt581a"}
[2025-12-04 00:49:09] [DEBUG] Router.php:104 | CartController initialized | Context: {"session_status":2,"session_id":"ncc9f86824tssnepv4r2dt581a"}
[2025-12-04 00:54:29] [DEBUG] Router.php:104 | CartController initialized | Context: {"session_status":2,"session_id":"ncc9f86824tssnepv4r2dt581a"}
[2025-12-04 00:54:42] [DEBUG] Router.php:104 | CartController initialized | Context: {"session_status":2,"session_id":"ncc9f86824tssnepv4r2dt581a"}
[2025-12-04 00:55:09] [DEBUG] Router.php:104 | CartController initialized | Context: {"session_status":2,"session_id":"ncc9f86824tssnepv4r2dt581a"}
[2025-12-04 00:55:17] [DEBUG] Router.php:104 | CartController initialized | Context: {"session_status":2,"session_id":"ncc9f86824tssnepv4r2dt581a"}
[2025-12-04 00:55:52] [DEBUG] Router.php:104 | CartController initialized | Context: {"session_status":2,"session_id":"ncc9f86824tssnepv4r2dt581a"}
[2025-12-04 00:56:58] [DEBUG] Router.php:104 | CartController initialized | Context: {"session_status":2,"session_id":"ncc9f86824tssnepv4r2dt581a"}
[2025-12-04 00:57:17] [DEBUG] Router.php:104 | CartController initialized | Context: {"session_status":2,"session_id":"ncc9f86824tssnepv4r2dt581a"}
[2025-12-04 00:57:18] [DEBUG] Router.php:104 | CartController initialized | Context: {"session_status":2,"session_id":"ncc9f86824tssnepv4r2dt581a"}
[2025-12-04 00:58:15] [DEBUG] Router.php:104 | CartController initialized | Context: {"session_status":2,"session_id":"ncc9f86824tssnepv4r2dt581a"}
[2025-12-04 00:58:22] [DEBUG] Router.php:104 | CartController initialized | Context: {"session_status":2,"session_id":"ncc9f86824tssnepv4r2dt581a"}
[2025-12-04 01:00:39] [DEBUG] Router.php:104 | CartController initialized | Context: {"session_status":2,"session_id":"ncc9f86824tssnepv4r2dt581a"}
[2025-12-04 01:00:43] [DEBUG] Router.php:104 | CartController initialized | Context: {"session_status":2,"session_id":"ncc9f86824tssnepv4r2dt581a"}
[2025-12-04 01:06:46] [DEBUG] Router.php:104 | CartController initialized | Context: {"session_status":2,"session_id":"ncc9f86824tssnepv4r2dt581a"}
[2025-12-04 01:06:56] [DEBUG] Router.php:104 | CartController initialized | Context: {"session_status":2,"session_id":"ncc9f86824tssnepv4r2dt581a"}
[2025-12-04 01:08:51] [DEBUG] Router.php:104 | CartController initialized | Context: {"session_status":2,"session_id":"ncc9f86824tssnepv4r2dt581a"}
[2025-12-04 01:25:57] [DEBUG] Router.php:104 | CartController initialized | Context: {"session_status":2,"session_id":"ncc9f86824tssnepv4r2dt581a"}
[2025-12-04 01:38:13] [DEBUG] Router.php:104 | CartController initialized | Context: {"session_status":2,"session_id":"ncc9f86824tssnepv4r2dt581a"}
[2025-12-04 01:52:15] [DEBUG] Router.php:104 | CartController initialized | Context: {"session_status":2,"session_id":"ncc9f86824tssnepv4r2dt581a"}
